---
source: crates/cargo-inertia/src/init.rs
expression: package
---
{
  "private": true,
  "type": "module",
  "scripts": { "dev": "vite", "build": "vite build" },
  "dependencies": { "@inertiajs/react": "^3.0.0", "react": "latest", "react-dom": "latest" },
  "devDependencies": { "vite": "latest", "@vitejs/plugin-react": "latest", "typescript": "latest" }
}
