---
source: crates/cargo-inertia/src/init.rs
expression: "fs::read_to_string(root.join(\"frontend/src/main.ts\")).unwrap()"
---
import { createInertiaApp } from '@inertiajs/vue3'
import { createApp, h } from 'vue'

createInertiaApp({
  resolve: (name) => import(`./Pages/${name}.vue`),
  setup: ({ el, App, props, plugin }) => {
    createApp({ render: () => h(App, props) })
      .use(plugin)
      .mount(el)
  },
})
