---
source: crates/cargo-inertia/src/init.rs
expression: package
---
{
  "private": true,
  "type": "module",
  "scripts": {
    "dev": "vite",
    "build": "vite build"
  },
  "dependencies": {
    "@inertiajs/react": "3.6.1",
    "react": "19.2.4",
    "react-dom": "19.2.4"
  },
  "devDependencies": {
    "@vitejs/plugin-react": "6.0.0",
    "typescript": "5.9.3",
    "vite": "8.1.4"
  }
}
